---
source: tui/src/model_migration.rs
expression: terminal.backend()
---
> Kaioken Model Update

  Newer models are now available in Kaioken with improved
  capabilities.

  You can continue using legacy models by specifying them
  directly with the -m option or in your config.toml.

  Press enter to continue
