---
source: tui/src/chatwidget/tests.rs
expression: terminal.backend()
---
"                                                                                "
"• Analyzing (0s • esc to interrupt)                                             "
"                                                                                "
"                                                                                "
"› Ask Codex Kaioken to do anything                                              "
"                                                                                "
"  100% context left · indexed · ? for shortcuts                                 "
